****************************************
Report : Time Based Power
	-hierarchy
	-levels 2
Design : top
Version: M-2016.12-SP2
Date   : Fri Mar  8 13:44:22 2024
****************************************



                                      Int      Switch   Leak      Total
Hierarchy                             Power    Power    Power     Power    %
--------------------------------------------------------------------------------
top                                   6.65e-03 2.85e-04 3.25e-04  7.26e-03 100.0
  u_gd (gd)                           3.06e-03 1.28e-04 7.57e-05  3.27e-03  45.0
    u_output_sram (output_sram)       8.31e-04 3.27e-05 7.49e-05  9.38e-04  12.9
    u_int32_int8 (int32_int8)         1.46e-05    0.000 1.83e-09  1.46e-05   0.2
    clk_gate_OO_buffer_reg_0_ (SNPS_CLOCK_GATE_HIGH_gd_127)
                                      4.41e-07    0.000 6.01e-11  4.41e-07   0.0
    clk_gate_OO_buffer_reg_0__0 (SNPS_CLOCK_GATE_HIGH_gd_126)
                                      4.41e-07    0.000 6.01e-11  4.41e-07   0.0
    clk_gate_OO_buffer_reg_0__1 (SNPS_CLOCK_GATE_HIGH_gd_125)
                                      4.41e-07    0.000 6.01e-11  4.41e-07   0.0
    clk_gate_OO_buffer_reg_0__2 (SNPS_CLOCK_GATE_HIGH_gd_124)
                                      4.41e-07    0.000 6.01e-11  4.41e-07   0.0
    clk_gate_OO_buffer_reg_0__3 (SNPS_CLOCK_GATE_HIGH_gd_123)
                                      4.41e-07    0.000 6.01e-11  4.41e-07   0.0
    clk_gate_OO_buffer_reg_0__4 (SNPS_CLOCK_GATE_HIGH_gd_122)
                                      4.41e-07    0.000 6.01e-11  4.41e-07   0.0
    clk_gate_OO_buffer_reg_0__5 (SNPS_CLOCK_GATE_HIGH_gd_121)
                                      4.41e-07    0.000 6.01e-11  4.41e-07   0.0
    clk_gate_OO_buffer_reg_0__6 (SNPS_CLOCK_GATE_HIGH_gd_120)
                                      4.41e-07    0.000 6.01e-11  4.41e-07   0.0
    clk_gate_OO_buffer_reg_0__7 (SNPS_CLOCK_GATE_HIGH_gd_119)
                                      4.41e-07    0.000 6.01e-11  4.41e-07   0.0
    clk_gate_OO_buffer_reg_0__8 (SNPS_CLOCK_GATE_HIGH_gd_118)
                                      4.41e-07    0.000 6.01e-11  4.41e-07   0.0
    clk_gate_OO_buffer_reg_0__9 (SNPS_CLOCK_GATE_HIGH_gd_117)
                                      4.41e-07    0.000 6.01e-11  4.41e-07   0.0
    clk_gate_OO_buffer_reg_0__10 (SNPS_CLOCK_GATE_HIGH_gd_116)
                                      4.41e-07    0.000 6.01e-11  4.41e-07   0.0
    clk_gate_OO_buffer_reg_0__11 (SNPS_CLOCK_GATE_HIGH_gd_115)
                                      4.41e-07    0.000 6.01e-11  4.41e-07   0.0
    clk_gate_OO_buffer_reg_0__12 (SNPS_CLOCK_GATE_HIGH_gd_114)
                                      4.41e-07    0.000 6.01e-11  4.41e-07   0.0
    clk_gate_OO_buffer_reg_0__13 (SNPS_CLOCK_GATE_HIGH_gd_113)
                                      4.41e-07    0.000 6.01e-11  4.41e-07   0.0
    clk_gate_OO_buffer_reg_0__14 (SNPS_CLOCK_GATE_HIGH_gd_112)
                                      4.41e-07    0.000 6.01e-11  4.41e-07   0.0
    clk_gate_OO_buffer_reg_1_ (SNPS_CLOCK_GATE_HIGH_gd_111)
                                      4.41e-07    0.000 6.01e-11  4.41e-07   0.0
    clk_gate_OO_buffer_reg_1__0 (SNPS_CLOCK_GATE_HIGH_gd_110)
                                      4.41e-07    0.000 6.01e-11  4.41e-07   0.0
    clk_gate_OO_buffer_reg_1__1 (SNPS_CLOCK_GATE_HIGH_gd_109)
                                      4.41e-07    0.000 6.01e-11  4.41e-07   0.0
    clk_gate_OO_buffer_reg_1__2 (SNPS_CLOCK_GATE_HIGH_gd_108)
                                      4.41e-07    0.000 6.01e-11  4.41e-07   0.0
    clk_gate_OO_buffer_reg_1__3 (SNPS_CLOCK_GATE_HIGH_gd_107)
                                      4.41e-07    0.000 6.01e-11  4.41e-07   0.0
    clk_gate_OO_buffer_reg_1__4 (SNPS_CLOCK_GATE_HIGH_gd_106)
                                      4.41e-07    0.000 6.01e-11  4.41e-07   0.0
    clk_gate_OO_buffer_reg_1__5 (SNPS_CLOCK_GATE_HIGH_gd_105)
                                      4.41e-07    0.000 6.01e-11  4.41e-07   0.0
    clk_gate_OO_buffer_reg_1__6 (SNPS_CLOCK_GATE_HIGH_gd_104)
                                      4.41e-07    0.000 6.01e-11  4.41e-07   0.0
    clk_gate_OO_buffer_reg_1__7 (SNPS_CLOCK_GATE_HIGH_gd_103)
                                      4.41e-07    0.000 6.01e-11  4.41e-07   0.0
    clk_gate_OO_buffer_reg_1__8 (SNPS_CLOCK_GATE_HIGH_gd_102)
                                      4.41e-07    0.000 6.01e-11  4.41e-07   0.0
    clk_gate_OO_buffer_reg_1__9 (SNPS_CLOCK_GATE_HIGH_gd_101)
                                      4.41e-07    0.000 6.01e-11  4.41e-07   0.0
    clk_gate_OO_buffer_reg_1__10 (SNPS_CLOCK_GATE_HIGH_gd_100)
                                      4.41e-07    0.000 6.01e-11  4.41e-07   0.0
    clk_gate_OO_buffer_reg_1__11 (SNPS_CLOCK_GATE_HIGH_gd_99)
                                      4.41e-07    0.000 6.01e-11  4.41e-07   0.0
    clk_gate_OO_buffer_reg_1__12 (SNPS_CLOCK_GATE_HIGH_gd_98)
                                      4.41e-07    0.000 6.01e-11  4.41e-07   0.0
    clk_gate_OO_buffer_reg_1__13 (SNPS_CLOCK_GATE_HIGH_gd_97)
                                      4.41e-07    0.000 6.01e-11  4.41e-07   0.0
    clk_gate_OO_buffer_reg_1__14 (SNPS_CLOCK_GATE_HIGH_gd_96)
                                      4.41e-07    0.000 6.01e-11  4.41e-07   0.0
    clk_gate_OO_buffer_reg_2_ (SNPS_CLOCK_GATE_HIGH_gd_95)
                                      4.41e-07    0.000 6.01e-11  4.41e-07   0.0
    clk_gate_OO_buffer_reg_2__0 (SNPS_CLOCK_GATE_HIGH_gd_94)
                                      4.41e-07    0.000 6.01e-11  4.41e-07   0.0
    clk_gate_OO_buffer_reg_2__1 (SNPS_CLOCK_GATE_HIGH_gd_93)
                                      4.41e-07    0.000 6.01e-11  4.41e-07   0.0
    clk_gate_OO_buffer_reg_2__2 (SNPS_CLOCK_GATE_HIGH_gd_92)
                                      4.41e-07    0.000 6.01e-11  4.41e-07   0.0
    clk_gate_OO_buffer_reg_2__3 (SNPS_CLOCK_GATE_HIGH_gd_91)
                                      4.41e-07    0.000 6.01e-11  4.41e-07   0.0
    clk_gate_OO_buffer_reg_2__4 (SNPS_CLOCK_GATE_HIGH_gd_90)
                                      4.41e-07    0.000 6.01e-11  4.41e-07   0.0
    clk_gate_OO_buffer_reg_2__5 (SNPS_CLOCK_GATE_HIGH_gd_89)
                                      4.41e-07    0.000 6.01e-11  4.41e-07   0.0
    clk_gate_OO_buffer_reg_2__6 (SNPS_CLOCK_GATE_HIGH_gd_88)
                                      4.41e-07    0.000 6.01e-11  4.41e-07   0.0
    clk_gate_OO_buffer_reg_2__7 (SNPS_CLOCK_GATE_HIGH_gd_87)
                                      4.41e-07    0.000 6.01e-11  4.41e-07   0.0
    clk_gate_OO_buffer_reg_2__8 (SNPS_CLOCK_GATE_HIGH_gd_86)
                                      4.41e-07    0.000 6.01e-11  4.41e-07   0.0
    clk_gate_OO_buffer_reg_2__9 (SNPS_CLOCK_GATE_HIGH_gd_85)
                                      4.41e-07    0.000 6.01e-11  4.41e-07   0.0
    clk_gate_OO_buffer_reg_2__10 (SNPS_CLOCK_GATE_HIGH_gd_84)
                                      4.41e-07    0.000 6.01e-11  4.41e-07   0.0
    clk_gate_OO_buffer_reg_2__11 (SNPS_CLOCK_GATE_HIGH_gd_83)
                                      4.41e-07    0.000 6.01e-11  4.41e-07   0.0
    clk_gate_OO_buffer_reg_2__12 (SNPS_CLOCK_GATE_HIGH_gd_82)
                                      4.41e-07    0.000 6.01e-11  4.41e-07   0.0
    clk_gate_OO_buffer_reg_2__13 (SNPS_CLOCK_GATE_HIGH_gd_81)
                                      4.41e-07    0.000 6.01e-11  4.41e-07   0.0
    clk_gate_OO_buffer_reg_2__14 (SNPS_CLOCK_GATE_HIGH_gd_80)
                                      4.41e-07    0.000 6.01e-11  4.41e-07   0.0
    clk_gate_OO_buffer_reg_3_ (SNPS_CLOCK_GATE_HIGH_gd_79)
                                      4.41e-07    0.000 6.01e-11  4.41e-07   0.0
    clk_gate_OO_buffer_reg_3__0 (SNPS_CLOCK_GATE_HIGH_gd_78)
                                      4.41e-07    0.000 6.01e-11  4.41e-07   0.0
    clk_gate_OO_buffer_reg_3__1 (SNPS_CLOCK_GATE_HIGH_gd_77)
                                      4.41e-07    0.000 6.01e-11  4.41e-07   0.0
    clk_gate_OO_buffer_reg_3__2 (SNPS_CLOCK_GATE_HIGH_gd_76)
                                      4.41e-07    0.000 6.01e-11  4.41e-07   0.0
    clk_gate_OO_buffer_reg_3__3 (SNPS_CLOCK_GATE_HIGH_gd_75)
                                      4.41e-07    0.000 6.01e-11  4.41e-07   0.0
    clk_gate_OO_buffer_reg_3__4 (SNPS_CLOCK_GATE_HIGH_gd_74)
                                      4.41e-07    0.000 6.01e-11  4.41e-07   0.0
    clk_gate_OO_buffer_reg_3__5 (SNPS_CLOCK_GATE_HIGH_gd_73)
                                      4.41e-07    0.000 6.01e-11  4.41e-07   0.0
    clk_gate_OO_buffer_reg_3__6 (SNPS_CLOCK_GATE_HIGH_gd_72)
                                      4.41e-07    0.000 6.01e-11  4.41e-07   0.0
    clk_gate_OO_buffer_reg_3__7 (SNPS_CLOCK_GATE_HIGH_gd_71)
                                      4.41e-07    0.000 6.01e-11  4.41e-07   0.0
    clk_gate_OO_buffer_reg_3__8 (SNPS_CLOCK_GATE_HIGH_gd_70)
                                      4.41e-07    0.000 6.01e-11  4.41e-07   0.0
    clk_gate_OO_buffer_reg_3__9 (SNPS_CLOCK_GATE_HIGH_gd_69)
                                      4.41e-07    0.000 6.01e-11  4.41e-07   0.0
    clk_gate_OO_buffer_reg_3__10 (SNPS_CLOCK_GATE_HIGH_gd_68)
                                      4.41e-07    0.000 6.01e-11  4.41e-07   0.0
    clk_gate_OO_buffer_reg_3__11 (SNPS_CLOCK_GATE_HIGH_gd_67)
                                      4.41e-07    0.000 6.01e-11  4.41e-07   0.0
    clk_gate_OO_buffer_reg_3__12 (SNPS_CLOCK_GATE_HIGH_gd_66)
                                      4.41e-07    0.000 6.01e-11  4.41e-07   0.0
    clk_gate_OO_buffer_reg_3__13 (SNPS_CLOCK_GATE_HIGH_gd_65)
                                      4.41e-07    0.000 6.01e-11  4.41e-07   0.0
    clk_gate_OO_buffer_reg_3__14 (SNPS_CLOCK_GATE_HIGH_gd_64)
                                      4.41e-07    0.000 6.01e-11  4.41e-07   0.0
    clk_gate_OO_buffer_reg_4_ (SNPS_CLOCK_GATE_HIGH_gd_63)
                                      4.41e-07    0.000 6.01e-11  4.41e-07   0.0
    clk_gate_OO_buffer_reg_4__0 (SNPS_CLOCK_GATE_HIGH_gd_62)
                                      4.41e-07    0.000 6.01e-11  4.41e-07   0.0
    clk_gate_OO_buffer_reg_4__1 (SNPS_CLOCK_GATE_HIGH_gd_61)
                                      4.41e-07    0.000 6.01e-11  4.41e-07   0.0
    clk_gate_OO_buffer_reg_4__2 (SNPS_CLOCK_GATE_HIGH_gd_60)
                                      4.41e-07    0.000 6.01e-11  4.41e-07   0.0
    clk_gate_OO_buffer_reg_4__3 (SNPS_CLOCK_GATE_HIGH_gd_59)
                                      4.41e-07    0.000 6.01e-11  4.41e-07   0.0
    clk_gate_OO_buffer_reg_4__4 (SNPS_CLOCK_GATE_HIGH_gd_58)
                                      4.41e-07    0.000 6.01e-11  4.41e-07   0.0
    clk_gate_OO_buffer_reg_4__5 (SNPS_CLOCK_GATE_HIGH_gd_57)
                                      4.41e-07    0.000 6.01e-11  4.41e-07   0.0
    clk_gate_OO_buffer_reg_4__6 (SNPS_CLOCK_GATE_HIGH_gd_56)
                                      4.41e-07    0.000 6.01e-11  4.41e-07   0.0
    clk_gate_OO_buffer_reg_4__7 (SNPS_CLOCK_GATE_HIGH_gd_55)
                                      4.41e-07    0.000 6.01e-11  4.41e-07   0.0
    clk_gate_OO_buffer_reg_4__8 (SNPS_CLOCK_GATE_HIGH_gd_54)
                                      4.41e-07    0.000 6.01e-11  4.41e-07   0.0
    clk_gate_OO_buffer_reg_4__9 (SNPS_CLOCK_GATE_HIGH_gd_53)
                                      4.41e-07    0.000 6.01e-11  4.41e-07   0.0
    clk_gate_OO_buffer_reg_4__10 (SNPS_CLOCK_GATE_HIGH_gd_52)
                                      4.41e-07    0.000 6.01e-11  4.41e-07   0.0
    clk_gate_OO_buffer_reg_4__11 (SNPS_CLOCK_GATE_HIGH_gd_51)
                                      4.41e-07    0.000 6.01e-11  4.41e-07   0.0
    clk_gate_OO_buffer_reg_4__12 (SNPS_CLOCK_GATE_HIGH_gd_50)
                                      4.41e-07    0.000 6.01e-11  4.41e-07   0.0
    clk_gate_OO_buffer_reg_4__13 (SNPS_CLOCK_GATE_HIGH_gd_49)
                                      4.41e-07    0.000 6.01e-11  4.41e-07   0.0
    clk_gate_OO_buffer_reg_4__14 (SNPS_CLOCK_GATE_HIGH_gd_48)
                                      4.41e-07    0.000 6.01e-11  4.41e-07   0.0
    clk_gate_OO_buffer_reg_5_ (SNPS_CLOCK_GATE_HIGH_gd_47)
                                      4.41e-07    0.000 6.01e-11  4.41e-07   0.0
    clk_gate_OO_buffer_reg_5__0 (SNPS_CLOCK_GATE_HIGH_gd_46)
                                      4.41e-07    0.000 6.01e-11  4.41e-07   0.0
    clk_gate_OO_buffer_reg_5__1 (SNPS_CLOCK_GATE_HIGH_gd_45)
                                      4.41e-07    0.000 6.01e-11  4.41e-07   0.0
    clk_gate_OO_buffer_reg_5__2 (SNPS_CLOCK_GATE_HIGH_gd_44)
                                      4.41e-07    0.000 6.01e-11  4.41e-07   0.0
    clk_gate_OO_buffer_reg_5__3 (SNPS_CLOCK_GATE_HIGH_gd_43)
                                      4.41e-07    0.000 6.01e-11  4.41e-07   0.0
    clk_gate_OO_buffer_reg_5__4 (SNPS_CLOCK_GATE_HIGH_gd_42)
                                      4.41e-07    0.000 6.01e-11  4.41e-07   0.0
    clk_gate_OO_buffer_reg_5__5 (SNPS_CLOCK_GATE_HIGH_gd_41)
                                      4.41e-07    0.000 6.01e-11  4.41e-07   0.0
    clk_gate_OO_buffer_reg_5__6 (SNPS_CLOCK_GATE_HIGH_gd_40)
                                      4.41e-07    0.000 6.01e-11  4.41e-07   0.0
    clk_gate_OO_buffer_reg_5__7 (SNPS_CLOCK_GATE_HIGH_gd_39)
                                      4.41e-07    0.000 6.01e-11  4.41e-07   0.0
    clk_gate_OO_buffer_reg_5__8 (SNPS_CLOCK_GATE_HIGH_gd_38)
                                      4.41e-07    0.000 6.01e-11  4.41e-07   0.0
    clk_gate_OO_buffer_reg_5__9 (SNPS_CLOCK_GATE_HIGH_gd_37)
                                      4.41e-07    0.000 6.01e-11  4.41e-07   0.0
    clk_gate_OO_buffer_reg_5__10 (SNPS_CLOCK_GATE_HIGH_gd_36)
                                      4.41e-07    0.000 6.01e-11  4.41e-07   0.0
    clk_gate_OO_buffer_reg_5__11 (SNPS_CLOCK_GATE_HIGH_gd_35)
                                      4.41e-07    0.000 6.01e-11  4.41e-07   0.0
    clk_gate_OO_buffer_reg_5__12 (SNPS_CLOCK_GATE_HIGH_gd_34)
                                      4.41e-07    0.000 6.01e-11  4.41e-07   0.0
    clk_gate_OO_buffer_reg_5__13 (SNPS_CLOCK_GATE_HIGH_gd_33)
                                      4.41e-07    0.000 6.01e-11  4.41e-07   0.0
    clk_gate_OO_buffer_reg_5__14 (SNPS_CLOCK_GATE_HIGH_gd_32)
                                      4.41e-07    0.000 6.01e-11  4.41e-07   0.0
    clk_gate_OO_buffer_reg_6_ (SNPS_CLOCK_GATE_HIGH_gd_31)
                                      4.41e-07    0.000 6.01e-11  4.41e-07   0.0
    clk_gate_OO_buffer_reg_6__0 (SNPS_CLOCK_GATE_HIGH_gd_30)
                                      4.41e-07    0.000 6.01e-11  4.41e-07   0.0
    clk_gate_OO_buffer_reg_6__1 (SNPS_CLOCK_GATE_HIGH_gd_29)
                                      4.41e-07    0.000 6.01e-11  4.41e-07   0.0
    clk_gate_OO_buffer_reg_6__2 (SNPS_CLOCK_GATE_HIGH_gd_28)
                                      4.41e-07    0.000 6.01e-11  4.41e-07   0.0
    clk_gate_OO_buffer_reg_6__3 (SNPS_CLOCK_GATE_HIGH_gd_27)
                                      4.41e-07    0.000 6.01e-11  4.41e-07   0.0
    clk_gate_OO_buffer_reg_6__4 (SNPS_CLOCK_GATE_HIGH_gd_26)
                                      4.41e-07    0.000 6.01e-11  4.41e-07   0.0
    clk_gate_OO_buffer_reg_6__5 (SNPS_CLOCK_GATE_HIGH_gd_25)
                                      4.41e-07    0.000 6.01e-11  4.41e-07   0.0
    clk_gate_OO_buffer_reg_6__6 (SNPS_CLOCK_GATE_HIGH_gd_24)
                                      4.41e-07    0.000 6.01e-11  4.41e-07   0.0
    clk_gate_OO_buffer_reg_6__7 (SNPS_CLOCK_GATE_HIGH_gd_23)
                                      4.41e-07    0.000 6.01e-11  4.41e-07   0.0
    clk_gate_OO_buffer_reg_6__8 (SNPS_CLOCK_GATE_HIGH_gd_22)
                                      4.41e-07    0.000 6.01e-11  4.41e-07   0.0
    clk_gate_OO_buffer_reg_6__9 (SNPS_CLOCK_GATE_HIGH_gd_21)
                                      4.41e-07    0.000 6.01e-11  4.41e-07   0.0
    clk_gate_OO_buffer_reg_6__10 (SNPS_CLOCK_GATE_HIGH_gd_20)
                                      4.41e-07    0.000 6.01e-11  4.41e-07   0.0
    clk_gate_OO_buffer_reg_6__11 (SNPS_CLOCK_GATE_HIGH_gd_19)
                                      4.41e-07    0.000 6.01e-11  4.41e-07   0.0
    clk_gate_OO_buffer_reg_6__12 (SNPS_CLOCK_GATE_HIGH_gd_18)
                                      4.41e-07    0.000 6.01e-11  4.41e-07   0.0
    clk_gate_OO_buffer_reg_6__13 (SNPS_CLOCK_GATE_HIGH_gd_17)
                                      4.41e-07    0.000 6.01e-11  4.41e-07   0.0
    clk_gate_OO_buffer_reg_6__14 (SNPS_CLOCK_GATE_HIGH_gd_16)
                                      4.41e-07    0.000 6.01e-11  4.41e-07   0.0
    clk_gate_OO_buffer_reg_7_ (SNPS_CLOCK_GATE_HIGH_gd_15)
                                      4.41e-07    0.000 6.01e-11  4.41e-07   0.0
    clk_gate_OO_buffer_reg_7__0 (SNPS_CLOCK_GATE_HIGH_gd_14)
                                      4.41e-07    0.000 6.01e-11  4.41e-07   0.0
    clk_gate_OO_buffer_reg_7__1 (SNPS_CLOCK_GATE_HIGH_gd_13)
                                      4.41e-07    0.000 6.01e-11  4.41e-07   0.0
    clk_gate_OO_buffer_reg_7__2 (SNPS_CLOCK_GATE_HIGH_gd_12)
                                      4.41e-07    0.000 6.01e-11  4.41e-07   0.0
    clk_gate_OO_buffer_reg_7__3 (SNPS_CLOCK_GATE_HIGH_gd_11)
                                      4.41e-07    0.000 6.01e-11  4.41e-07   0.0
    clk_gate_OO_buffer_reg_7__4 (SNPS_CLOCK_GATE_HIGH_gd_10)
                                      4.41e-07    0.000 6.01e-11  4.41e-07   0.0
    clk_gate_OO_buffer_reg_7__5 (SNPS_CLOCK_GATE_HIGH_gd_9)
                                      4.41e-07    0.000 6.01e-11  4.41e-07   0.0
    clk_gate_OO_buffer_reg_7__6 (SNPS_CLOCK_GATE_HIGH_gd_8)
                                      4.41e-07    0.000 6.01e-11  4.41e-07   0.0
    clk_gate_OO_buffer_reg_7__7 (SNPS_CLOCK_GATE_HIGH_gd_7)
                                      4.41e-07    0.000 6.01e-11  4.41e-07   0.0
    clk_gate_OO_buffer_reg_7__8 (SNPS_CLOCK_GATE_HIGH_gd_6)
                                      4.41e-07    0.000 6.01e-11  4.41e-07   0.0
    clk_gate_OO_buffer_reg_7__9 (SNPS_CLOCK_GATE_HIGH_gd_5)
                                      4.41e-07    0.000 6.01e-11  4.41e-07   0.0
    clk_gate_OO_buffer_reg_7__10 (SNPS_CLOCK_GATE_HIGH_gd_4)
                                      4.41e-07    0.000 6.01e-11  4.41e-07   0.0
    clk_gate_OO_buffer_reg_7__11 (SNPS_CLOCK_GATE_HIGH_gd_3)
                                      4.41e-07    0.000 6.01e-11  4.41e-07   0.0
    clk_gate_OO_buffer_reg_7__12 (SNPS_CLOCK_GATE_HIGH_gd_2)
                                      4.41e-07    0.000 6.01e-11  4.41e-07   0.0
    clk_gate_OO_buffer_reg_7__13 (SNPS_CLOCK_GATE_HIGH_gd_1)
                                      4.41e-07    0.000 6.01e-11  4.41e-07   0.0
    clk_gate_OO_buffer_reg_7__14 (SNPS_CLOCK_GATE_HIGH_gd_0)
                                      4.41e-07    0.000 6.01e-11  4.41e-07   0.0
  u_fd (fd)                           1.88e-03 1.35e-04 7.53e-05  2.09e-03  28.8
    u_input_sram (input_sram)         1.50e-04    0.000 7.49e-05  2.25e-04   3.1
    clk_gate_is_din_reg_s0_reg (SNPS_CLOCK_GATE_HIGH_fd_103)
                                      6.26e-07 2.54e-06 7.06e-11  3.17e-06   0.0
    clk_gate_is_din_reg_s0_reg_0 (SNPS_CLOCK_GATE_HIGH_fd_102)
                                      6.26e-07 2.54e-06 7.06e-11  3.17e-06   0.0
    clk_gate_is_din_reg_s0_reg_1 (SNPS_CLOCK_GATE_HIGH_fd_101)
                                      6.26e-07 2.54e-06 7.06e-11  3.17e-06   0.0
    clk_gate_is_din_reg_s0_reg_2 (SNPS_CLOCK_GATE_HIGH_fd_100)
                                      6.26e-07 2.54e-06 7.06e-11  3.17e-06   0.0
    clk_gate_is_din_reg_s0_reg_3 (SNPS_CLOCK_GATE_HIGH_fd_99)
                                      6.26e-07 2.54e-06 7.06e-11  3.17e-06   0.0
    clk_gate_is_din_reg_s0_reg_4 (SNPS_CLOCK_GATE_HIGH_fd_98)
                                      6.26e-07 2.54e-06 7.06e-11  3.17e-06   0.0
    clk_gate_is_din_reg_s0_reg_5 (SNPS_CLOCK_GATE_HIGH_fd_97)
                                      6.26e-07 2.54e-06 7.06e-11  3.17e-06   0.0
    clk_gate_is_din_reg_s0_reg_6 (SNPS_CLOCK_GATE_HIGH_fd_96)
                                      6.26e-07 2.54e-06 7.06e-11  3.17e-06   0.0
    clk_gate_is_din_reg_s0_reg_7 (SNPS_CLOCK_GATE_HIGH_fd_95)
                                      6.26e-07 2.54e-06 7.06e-11  3.17e-06   0.0
    clk_gate_is_din_reg_s0_reg_8 (SNPS_CLOCK_GATE_HIGH_fd_94)
                                      6.26e-07 2.54e-06 7.06e-11  3.17e-06   0.0
    clk_gate_is_din_reg_s0_reg_9 (SNPS_CLOCK_GATE_HIGH_fd_93)
                                      6.26e-07 2.54e-06 7.06e-11  3.17e-06   0.0
    clk_gate_is_din_reg_s0_reg_10 (SNPS_CLOCK_GATE_HIGH_fd_92)
                                      6.26e-07 2.54e-06 7.06e-11  3.17e-06   0.0
    clk_gate_is_din_reg_s0_reg_11 (SNPS_CLOCK_GATE_HIGH_fd_91)
                                      6.26e-07 2.54e-06 7.06e-11  3.17e-06   0.0
    clk_gate_is_din_reg_s0_reg_12 (SNPS_CLOCK_GATE_HIGH_fd_90)
                                      6.26e-07 2.54e-06 7.06e-11  3.17e-06   0.0
    clk_gate_is_din_reg_s0_reg_13 (SNPS_CLOCK_GATE_HIGH_fd_89)
                                      6.26e-07 2.54e-06 7.06e-11  3.17e-06   0.0
    clk_gate_is_din_reg_s0_reg_14 (SNPS_CLOCK_GATE_HIGH_fd_88)
                                      6.26e-07 2.54e-06 7.06e-11  3.17e-06   0.0
    clk_gate_is_din_reg_s0_reg_15 (SNPS_CLOCK_GATE_HIGH_fd_87)
                                      6.26e-07 2.54e-06 7.06e-11  3.17e-06   0.0
    clk_gate_is_din_reg_s0_reg_16 (SNPS_CLOCK_GATE_HIGH_fd_86)
                                      6.26e-07 2.54e-06 7.06e-11  3.17e-06   0.0
    clk_gate_is_din_reg_s0_reg_17 (SNPS_CLOCK_GATE_HIGH_fd_85)
                                      6.26e-07 2.54e-06 7.06e-11  3.17e-06   0.0
    clk_gate_is_din_reg_s0_reg_18 (SNPS_CLOCK_GATE_HIGH_fd_84)
                                      6.26e-07 2.54e-06 7.06e-11  3.17e-06   0.0
    clk_gate_is_din_reg_s0_reg_19 (SNPS_CLOCK_GATE_HIGH_fd_83)
                                      6.26e-07 2.54e-06 7.06e-11  3.17e-06   0.0
    clk_gate_is_din_reg_s0_reg_20 (SNPS_CLOCK_GATE_HIGH_fd_82)
                                      6.26e-07 2.54e-06 7.06e-11  3.17e-06   0.0
    clk_gate_is_din_reg_s0_reg_21 (SNPS_CLOCK_GATE_HIGH_fd_81)
                                      6.26e-07 2.54e-06 7.06e-11  3.17e-06   0.0
    clk_gate_is_din_reg_s0_reg_22 (SNPS_CLOCK_GATE_HIGH_fd_80)
                                      6.26e-07 2.54e-06 7.06e-11  3.17e-06   0.0
    clk_gate_is_din_reg_s0_reg_23 (SNPS_CLOCK_GATE_HIGH_fd_79)
                                      6.26e-07 2.54e-06 7.06e-11  3.17e-06   0.0
    clk_gate_is_din_reg_s0_reg_24 (SNPS_CLOCK_GATE_HIGH_fd_78)
                                      6.26e-07 2.54e-06 7.06e-11  3.17e-06   0.0
    clk_gate_is_din_reg_s0_reg_25 (SNPS_CLOCK_GATE_HIGH_fd_77)
                                      6.26e-07 2.54e-06 7.06e-11  3.17e-06   0.0
    clk_gate_is_din_reg_s0_reg_26 (SNPS_CLOCK_GATE_HIGH_fd_76)
                                      6.26e-07 2.54e-06 7.06e-11  3.17e-06   0.0
    clk_gate_is_din_reg_s0_reg_27 (SNPS_CLOCK_GATE_HIGH_fd_75)
                                      6.26e-07 2.54e-06 7.06e-11  3.17e-06   0.0
    clk_gate_is_din_reg_s0_reg_28 (SNPS_CLOCK_GATE_HIGH_fd_74)
                                      6.26e-07 2.54e-06 7.06e-11  3.17e-06   0.0
    clk_gate_is_din_reg_s0_reg_29 (SNPS_CLOCK_GATE_HIGH_fd_73)
                                      6.26e-07 2.54e-06 7.06e-11  3.17e-06   0.0
    clk_gate_is_din_reg_s0_reg_30 (SNPS_CLOCK_GATE_HIGH_fd_72)
                                      6.26e-07 2.54e-06 7.06e-11  3.17e-06   0.0
    clk_gate_wout_reg_s0_reg (SNPS_CLOCK_GATE_HIGH_fd_71)
                                      6.26e-07 2.54e-06 7.06e-11  3.17e-06   0.0
    clk_gate_wout_reg_s0_reg_0 (SNPS_CLOCK_GATE_HIGH_fd_70)
                                      6.26e-07 2.54e-06 7.06e-11  3.17e-06   0.0
    clk_gate_wout_reg_s0_reg_1 (SNPS_CLOCK_GATE_HIGH_fd_69)
                                      6.26e-07 2.54e-06 7.06e-11  3.17e-06   0.0
    clk_gate_wout_reg_s0_reg_2 (SNPS_CLOCK_GATE_HIGH_fd_68)
                                      6.26e-07 2.54e-06 7.06e-11  3.17e-06   0.0
    clk_gate_wout_reg_s0_reg_3 (SNPS_CLOCK_GATE_HIGH_fd_67)
                                      6.26e-07 2.54e-06 7.06e-11  3.17e-06   0.0
    clk_gate_wout_reg_s0_reg_4 (SNPS_CLOCK_GATE_HIGH_fd_66)
                                      6.26e-07 2.54e-06 7.06e-11  3.17e-06   0.0
    clk_gate_wout_reg_s0_reg_5 (SNPS_CLOCK_GATE_HIGH_fd_65)
                                      6.26e-07 2.54e-06 7.06e-11  3.17e-06   0.0
    clk_gate_wout_reg_s0_reg_6 (SNPS_CLOCK_GATE_HIGH_fd_64)
                                      6.26e-07 2.54e-06 7.06e-11  3.17e-06   0.0
    clk_gate_fout_reg_s1_reg (SNPS_CLOCK_GATE_HIGH_fd_63)
                                      4.41e-07    0.000 6.01e-11  4.41e-07   0.0
    clk_gate_fout_reg_s1_reg_0 (SNPS_CLOCK_GATE_HIGH_fd_62)
                                      4.41e-07    0.000 6.01e-11  4.41e-07   0.0
    clk_gate_fout_reg_s1_reg_1 (SNPS_CLOCK_GATE_HIGH_fd_61)
                                      4.41e-07    0.000 6.01e-11  4.41e-07   0.0
    clk_gate_fout_reg_s1_reg_2 (SNPS_CLOCK_GATE_HIGH_fd_60)
                                      4.41e-07    0.000 6.01e-11  4.41e-07   0.0
    clk_gate_fout_reg_s1_reg_3 (SNPS_CLOCK_GATE_HIGH_fd_59)
                                      4.41e-07    0.000 6.01e-11  4.41e-07   0.0
    clk_gate_fout_reg_s1_reg_4 (SNPS_CLOCK_GATE_HIGH_fd_58)
                                      4.41e-07    0.000 6.01e-11  4.41e-07   0.0
    clk_gate_fout_reg_s1_reg_5 (SNPS_CLOCK_GATE_HIGH_fd_57)
                                      4.41e-07    0.000 6.01e-11  4.41e-07   0.0
    clk_gate_fout_reg_s1_reg_6 (SNPS_CLOCK_GATE_HIGH_fd_56)
                                      4.41e-07    0.000 6.01e-11  4.41e-07   0.0
    clk_gate_fout_reg_s1_reg_7 (SNPS_CLOCK_GATE_HIGH_fd_55)
                                      4.41e-07    0.000 6.01e-11  4.41e-07   0.0
    clk_gate_fout_reg_s1_reg_8 (SNPS_CLOCK_GATE_HIGH_fd_54)
                                      4.41e-07    0.000 6.01e-11  4.41e-07   0.0
    clk_gate_fout_reg_s1_reg_9 (SNPS_CLOCK_GATE_HIGH_fd_53)
                                      4.41e-07    0.000 6.01e-11  4.41e-07   0.0
    clk_gate_fout_reg_s1_reg_10 (SNPS_CLOCK_GATE_HIGH_fd_52)
                                      4.41e-07    0.000 6.01e-11  4.41e-07   0.0
    clk_gate_fout_reg_s1_reg_11 (SNPS_CLOCK_GATE_HIGH_fd_51)
                                      4.41e-07    0.000 6.01e-11  4.41e-07   0.0
    clk_gate_fout_reg_s1_reg_12 (SNPS_CLOCK_GATE_HIGH_fd_50)
                                      4.41e-07    0.000 6.01e-11  4.41e-07   0.0
    clk_gate_fout_reg_s1_reg_13 (SNPS_CLOCK_GATE_HIGH_fd_49)
                                      4.41e-07    0.000 6.01e-11  4.41e-07   0.0
    clk_gate_fout_reg_s1_reg_14 (SNPS_CLOCK_GATE_HIGH_fd_48)
                                      4.41e-07    0.000 6.01e-11  4.41e-07   0.0
    clk_gate_fout_reg_s1_reg_15 (SNPS_CLOCK_GATE_HIGH_fd_47)
                                      4.41e-07    0.000 6.01e-11  4.41e-07   0.0
    clk_gate_fout_reg_s1_reg_16 (SNPS_CLOCK_GATE_HIGH_fd_46)
                                      4.41e-07    0.000 6.01e-11  4.41e-07   0.0
    clk_gate_fout_reg_s1_reg_17 (SNPS_CLOCK_GATE_HIGH_fd_45)
                                      4.41e-07    0.000 6.01e-11  4.41e-07   0.0
    clk_gate_fout_reg_s1_reg_18 (SNPS_CLOCK_GATE_HIGH_fd_44)
                                      4.41e-07    0.000 6.01e-11  4.41e-07   0.0
    clk_gate_fout_reg_s1_reg_19 (SNPS_CLOCK_GATE_HIGH_fd_43)
                                      4.41e-07    0.000 6.01e-11  4.41e-07   0.0
    clk_gate_fout_reg_s1_reg_20 (SNPS_CLOCK_GATE_HIGH_fd_42)
                                      4.41e-07    0.000 6.01e-11  4.41e-07   0.0
    clk_gate_fout_reg_s1_reg_21 (SNPS_CLOCK_GATE_HIGH_fd_41)
                                      4.41e-07    0.000 6.01e-11  4.41e-07   0.0
    clk_gate_fout_reg_s1_reg_22 (SNPS_CLOCK_GATE_HIGH_fd_40)
                                      4.41e-07    0.000 6.01e-11  4.41e-07   0.0
    clk_gate_fout_reg_s1_reg_23 (SNPS_CLOCK_GATE_HIGH_fd_39)
                                      4.41e-07    0.000 6.01e-11  4.41e-07   0.0
    clk_gate_fout_reg_s1_reg_24 (SNPS_CLOCK_GATE_HIGH_fd_38)
                                      4.41e-07    0.000 6.01e-11  4.41e-07   0.0
    clk_gate_fout_reg_s1_reg_25 (SNPS_CLOCK_GATE_HIGH_fd_37)
                                      4.41e-07    0.000 6.01e-11  4.41e-07   0.0
    clk_gate_fout_reg_s1_reg_26 (SNPS_CLOCK_GATE_HIGH_fd_36)
                                      4.41e-07    0.000 6.01e-11  4.41e-07   0.0
    clk_gate_fout_reg_s1_reg_27 (SNPS_CLOCK_GATE_HIGH_fd_35)
                                      4.41e-07    0.000 6.01e-11  4.41e-07   0.0
    clk_gate_fout_reg_s1_reg_28 (SNPS_CLOCK_GATE_HIGH_fd_34)
                                      4.41e-07    0.000 6.01e-11  4.41e-07   0.0
    clk_gate_fout_reg_s1_reg_29 (SNPS_CLOCK_GATE_HIGH_fd_33)
                                      4.41e-07    0.000 6.01e-11  4.41e-07   0.0
    clk_gate_fout_reg_s1_reg_30 (SNPS_CLOCK_GATE_HIGH_fd_32)
                                      4.41e-07    0.000 6.01e-11  4.41e-07   0.0
    clk_gate_rs_buffer_reg (SNPS_CLOCK_GATE_HIGH_fd_31)
                                      4.41e-07    0.000 6.01e-11  4.41e-07   0.0
    clk_gate_rs_buffer_reg_0 (SNPS_CLOCK_GATE_HIGH_fd_30)
                                      4.41e-07    0.000 6.01e-11  4.41e-07   0.0
    clk_gate_rs_buffer_reg_1 (SNPS_CLOCK_GATE_HIGH_fd_29)
                                      4.41e-07    0.000 6.01e-11  4.41e-07   0.0
    clk_gate_rs_buffer_reg_2 (SNPS_CLOCK_GATE_HIGH_fd_28)
                                      4.41e-07    0.000 6.01e-11  4.41e-07   0.0
    clk_gate_rs_buffer_reg_3 (SNPS_CLOCK_GATE_HIGH_fd_27)
                                      4.41e-07    0.000 6.01e-11  4.41e-07   0.0
    clk_gate_rs_buffer_reg_4 (SNPS_CLOCK_GATE_HIGH_fd_26)
                                      4.41e-07    0.000 6.01e-11  4.41e-07   0.0
    clk_gate_rs_buffer_reg_5 (SNPS_CLOCK_GATE_HIGH_fd_25)
                                      4.41e-07    0.000 6.01e-11  4.41e-07   0.0
    clk_gate_rs_buffer_reg_6 (SNPS_CLOCK_GATE_HIGH_fd_24)
                                      4.41e-07    0.000 6.01e-11  4.41e-07   0.0
    clk_gate_rs_buffer_reg_7 (SNPS_CLOCK_GATE_HIGH_fd_23)
                                      4.41e-07    0.000 6.01e-11  4.41e-07   0.0
    clk_gate_rs_buffer_reg_8 (SNPS_CLOCK_GATE_HIGH_fd_22)
                                      4.41e-07    0.000 6.01e-11  4.41e-07   0.0
    clk_gate_rs_buffer_reg_9 (SNPS_CLOCK_GATE_HIGH_fd_21)
                                      4.41e-07    0.000 6.01e-11  4.41e-07   0.0
    clk_gate_rs_buffer_reg_10 (SNPS_CLOCK_GATE_HIGH_fd_20)
                                      4.41e-07    0.000 6.01e-11  4.41e-07   0.0
    clk_gate_rs_buffer_reg_11 (SNPS_CLOCK_GATE_HIGH_fd_19)
                                      4.41e-07    0.000 6.01e-11  4.41e-07   0.0
    clk_gate_rs_buffer_reg_12 (SNPS_CLOCK_GATE_HIGH_fd_18)
                                      4.41e-07    0.000 6.01e-11  4.41e-07   0.0
    clk_gate_rs_buffer_reg_13 (SNPS_CLOCK_GATE_HIGH_fd_17)
                                      4.41e-07    0.000 6.01e-11  4.41e-07   0.0
    clk_gate_rs_buffer_reg_14 (SNPS_CLOCK_GATE_HIGH_fd_16)
                                      4.41e-07    0.000 6.01e-11  4.41e-07   0.0
    clk_gate_rs_buffer_reg_15 (SNPS_CLOCK_GATE_HIGH_fd_15)
                                      4.41e-07    0.000 6.01e-11  4.41e-07   0.0
    clk_gate_rs_buffer_reg_16 (SNPS_CLOCK_GATE_HIGH_fd_14)
                                      4.41e-07    0.000 6.01e-11  4.41e-07   0.0
    clk_gate_rs_buffer_reg_17 (SNPS_CLOCK_GATE_HIGH_fd_13)
                                      4.41e-07    0.000 6.01e-11  4.41e-07   0.0
    clk_gate_rs_buffer_reg_18 (SNPS_CLOCK_GATE_HIGH_fd_12)
                                      4.41e-07    0.000 6.01e-11  4.41e-07   0.0
    clk_gate_rs_buffer_reg_19 (SNPS_CLOCK_GATE_HIGH_fd_11)
                                      4.41e-07    0.000 6.01e-11  4.41e-07   0.0
    clk_gate_rs_buffer_reg_20 (SNPS_CLOCK_GATE_HIGH_fd_10)
                                      4.41e-07    0.000 6.01e-11  4.41e-07   0.0
    clk_gate_rs_buffer_reg_21 (SNPS_CLOCK_GATE_HIGH_fd_9)
                                      4.41e-07    0.000 6.01e-11  4.41e-07   0.0
    clk_gate_rs_buffer_reg_22 (SNPS_CLOCK_GATE_HIGH_fd_8)
                                      4.41e-07    0.000 6.01e-11  4.41e-07   0.0
    clk_gate_rs_buffer_reg_23 (SNPS_CLOCK_GATE_HIGH_fd_7)
                                      4.41e-07    0.000 6.01e-11  4.41e-07   0.0
    clk_gate_rs_buffer_reg_24 (SNPS_CLOCK_GATE_HIGH_fd_6)
                                      4.41e-07    0.000 6.01e-11  4.41e-07   0.0
    clk_gate_rs_buffer_reg_25 (SNPS_CLOCK_GATE_HIGH_fd_5)
                                      4.41e-07    0.000 6.01e-11  4.41e-07   0.0
    clk_gate_rs_buffer_reg_26 (SNPS_CLOCK_GATE_HIGH_fd_4)
                                      4.41e-07    0.000 6.01e-11  4.41e-07   0.0
    clk_gate_rs_buffer_reg_27 (SNPS_CLOCK_GATE_HIGH_fd_3)
                                      4.41e-07    0.000 6.01e-11  4.41e-07   0.0
    clk_gate_rs_buffer_reg_28 (SNPS_CLOCK_GATE_HIGH_fd_2)
                                      4.41e-07    0.000 6.01e-11  4.41e-07   0.0
    clk_gate_rs_buffer_reg_29 (SNPS_CLOCK_GATE_HIGH_fd_1)
                                      4.41e-07    0.000 6.01e-11  4.41e-07   0.0
    clk_gate_rs_buffer_reg_30 (SNPS_CLOCK_GATE_HIGH_fd_0)
                                      4.41e-07    0.000 6.01e-11  4.41e-07   0.0
  u_macros (macros)                   8.13e-04    0.000 1.74e-04  9.87e-04  13.6
  u_penalty (penalty)                 3.58e-04 1.77e-05 2.91e-08  3.76e-04   5.2
  u_gd_ctrls (gd_ctrls)               1.89e-04    0.000 2.51e-08  1.89e-04   2.6
  u_macros_ctrls (macros_ctrls)       6.63e-05    0.000 9.07e-09  6.64e-05   0.9


                                      Peak     Peak            Glitch   X-tran
Hierarchy                             Power    Time            Power    Power
--------------------------------------------------------------------------------
top                                   1.44e-02    1282-1283       0.000    0.000
  u_gd (gd)                              0.000       0-1          0.000    0.000
    u_output_sram (output_sram)          0.000       0-1          0.000    0.000
    u_int32_int8 (int32_int8)            0.000       0-1          0.000    0.000
    clk_gate_OO_buffer_reg_0_ (SNPS_CLOCK_GATE_HIGH_gd_127)
                                         0.000       0-1          0.000    0.000
    clk_gate_OO_buffer_reg_0__0 (SNPS_CLOCK_GATE_HIGH_gd_126)
                                         0.000       0-1          0.000    0.000
    clk_gate_OO_buffer_reg_0__1 (SNPS_CLOCK_GATE_HIGH_gd_125)
                                         0.000       0-1          0.000    0.000
    clk_gate_OO_buffer_reg_0__2 (SNPS_CLOCK_GATE_HIGH_gd_124)
                                         0.000       0-1          0.000    0.000
    clk_gate_OO_buffer_reg_0__3 (SNPS_CLOCK_GATE_HIGH_gd_123)
                                         0.000       0-1          0.000    0.000
    clk_gate_OO_buffer_reg_0__4 (SNPS_CLOCK_GATE_HIGH_gd_122)
                                         0.000       0-1          0.000    0.000
    clk_gate_OO_buffer_reg_0__5 (SNPS_CLOCK_GATE_HIGH_gd_121)
                                         0.000       0-1          0.000    0.000
    clk_gate_OO_buffer_reg_0__6 (SNPS_CLOCK_GATE_HIGH_gd_120)
                                         0.000       0-1          0.000    0.000
    clk_gate_OO_buffer_reg_0__7 (SNPS_CLOCK_GATE_HIGH_gd_119)
                                         0.000       0-1          0.000    0.000
    clk_gate_OO_buffer_reg_0__8 (SNPS_CLOCK_GATE_HIGH_gd_118)
                                         0.000       0-1          0.000    0.000
    clk_gate_OO_buffer_reg_0__9 (SNPS_CLOCK_GATE_HIGH_gd_117)
                                         0.000       0-1          0.000    0.000
    clk_gate_OO_buffer_reg_0__10 (SNPS_CLOCK_GATE_HIGH_gd_116)
                                         0.000       0-1          0.000    0.000
    clk_gate_OO_buffer_reg_0__11 (SNPS_CLOCK_GATE_HIGH_gd_115)
                                         0.000       0-1          0.000    0.000
    clk_gate_OO_buffer_reg_0__12 (SNPS_CLOCK_GATE_HIGH_gd_114)
                                         0.000       0-1          0.000    0.000
    clk_gate_OO_buffer_reg_0__13 (SNPS_CLOCK_GATE_HIGH_gd_113)
                                         0.000       0-1          0.000    0.000
    clk_gate_OO_buffer_reg_0__14 (SNPS_CLOCK_GATE_HIGH_gd_112)
                                         0.000       0-1          0.000    0.000
    clk_gate_OO_buffer_reg_1_ (SNPS_CLOCK_GATE_HIGH_gd_111)
                                         0.000       0-1          0.000    0.000
    clk_gate_OO_buffer_reg_1__0 (SNPS_CLOCK_GATE_HIGH_gd_110)
                                         0.000       0-1          0.000    0.000
    clk_gate_OO_buffer_reg_1__1 (SNPS_CLOCK_GATE_HIGH_gd_109)
                                         0.000       0-1          0.000    0.000
    clk_gate_OO_buffer_reg_1__2 (SNPS_CLOCK_GATE_HIGH_gd_108)
                                         0.000       0-1          0.000    0.000
    clk_gate_OO_buffer_reg_1__3 (SNPS_CLOCK_GATE_HIGH_gd_107)
                                         0.000       0-1          0.000    0.000
    clk_gate_OO_buffer_reg_1__4 (SNPS_CLOCK_GATE_HIGH_gd_106)
                                         0.000       0-1          0.000    0.000
    clk_gate_OO_buffer_reg_1__5 (SNPS_CLOCK_GATE_HIGH_gd_105)
                                         0.000       0-1          0.000    0.000
    clk_gate_OO_buffer_reg_1__6 (SNPS_CLOCK_GATE_HIGH_gd_104)
                                         0.000       0-1          0.000    0.000
    clk_gate_OO_buffer_reg_1__7 (SNPS_CLOCK_GATE_HIGH_gd_103)
                                         0.000       0-1          0.000    0.000
    clk_gate_OO_buffer_reg_1__8 (SNPS_CLOCK_GATE_HIGH_gd_102)
                                         0.000       0-1          0.000    0.000
    clk_gate_OO_buffer_reg_1__9 (SNPS_CLOCK_GATE_HIGH_gd_101)
                                         0.000       0-1          0.000    0.000
    clk_gate_OO_buffer_reg_1__10 (SNPS_CLOCK_GATE_HIGH_gd_100)
                                         0.000       0-1          0.000    0.000
    clk_gate_OO_buffer_reg_1__11 (SNPS_CLOCK_GATE_HIGH_gd_99)
                                         0.000       0-1          0.000    0.000
    clk_gate_OO_buffer_reg_1__12 (SNPS_CLOCK_GATE_HIGH_gd_98)
                                         0.000       0-1          0.000    0.000
    clk_gate_OO_buffer_reg_1__13 (SNPS_CLOCK_GATE_HIGH_gd_97)
                                         0.000       0-1          0.000    0.000
    clk_gate_OO_buffer_reg_1__14 (SNPS_CLOCK_GATE_HIGH_gd_96)
                                         0.000       0-1          0.000    0.000
    clk_gate_OO_buffer_reg_2_ (SNPS_CLOCK_GATE_HIGH_gd_95)
                                         0.000       0-1          0.000    0.000
    clk_gate_OO_buffer_reg_2__0 (SNPS_CLOCK_GATE_HIGH_gd_94)
                                         0.000       0-1          0.000    0.000
    clk_gate_OO_buffer_reg_2__1 (SNPS_CLOCK_GATE_HIGH_gd_93)
                                         0.000       0-1          0.000    0.000
    clk_gate_OO_buffer_reg_2__2 (SNPS_CLOCK_GATE_HIGH_gd_92)
                                         0.000       0-1          0.000    0.000
    clk_gate_OO_buffer_reg_2__3 (SNPS_CLOCK_GATE_HIGH_gd_91)
                                         0.000       0-1          0.000    0.000
    clk_gate_OO_buffer_reg_2__4 (SNPS_CLOCK_GATE_HIGH_gd_90)
                                         0.000       0-1          0.000    0.000
    clk_gate_OO_buffer_reg_2__5 (SNPS_CLOCK_GATE_HIGH_gd_89)
                                         0.000       0-1          0.000    0.000
    clk_gate_OO_buffer_reg_2__6 (SNPS_CLOCK_GATE_HIGH_gd_88)
                                         0.000       0-1          0.000    0.000
    clk_gate_OO_buffer_reg_2__7 (SNPS_CLOCK_GATE_HIGH_gd_87)
                                         0.000       0-1          0.000    0.000
    clk_gate_OO_buffer_reg_2__8 (SNPS_CLOCK_GATE_HIGH_gd_86)
                                         0.000       0-1          0.000    0.000
    clk_gate_OO_buffer_reg_2__9 (SNPS_CLOCK_GATE_HIGH_gd_85)
                                         0.000       0-1          0.000    0.000
    clk_gate_OO_buffer_reg_2__10 (SNPS_CLOCK_GATE_HIGH_gd_84)
                                         0.000       0-1          0.000    0.000
    clk_gate_OO_buffer_reg_2__11 (SNPS_CLOCK_GATE_HIGH_gd_83)
                                         0.000       0-1          0.000    0.000
    clk_gate_OO_buffer_reg_2__12 (SNPS_CLOCK_GATE_HIGH_gd_82)
                                         0.000       0-1          0.000    0.000
    clk_gate_OO_buffer_reg_2__13 (SNPS_CLOCK_GATE_HIGH_gd_81)
                                         0.000       0-1          0.000    0.000
    clk_gate_OO_buffer_reg_2__14 (SNPS_CLOCK_GATE_HIGH_gd_80)
                                         0.000       0-1          0.000    0.000
    clk_gate_OO_buffer_reg_3_ (SNPS_CLOCK_GATE_HIGH_gd_79)
                                         0.000       0-1          0.000    0.000
    clk_gate_OO_buffer_reg_3__0 (SNPS_CLOCK_GATE_HIGH_gd_78)
                                         0.000       0-1          0.000    0.000
    clk_gate_OO_buffer_reg_3__1 (SNPS_CLOCK_GATE_HIGH_gd_77)
                                         0.000       0-1          0.000    0.000
    clk_gate_OO_buffer_reg_3__2 (SNPS_CLOCK_GATE_HIGH_gd_76)
                                         0.000       0-1          0.000    0.000
    clk_gate_OO_buffer_reg_3__3 (SNPS_CLOCK_GATE_HIGH_gd_75)
                                         0.000       0-1          0.000    0.000
    clk_gate_OO_buffer_reg_3__4 (SNPS_CLOCK_GATE_HIGH_gd_74)
                                         0.000       0-1          0.000    0.000
    clk_gate_OO_buffer_reg_3__5 (SNPS_CLOCK_GATE_HIGH_gd_73)
                                         0.000       0-1          0.000    0.000
    clk_gate_OO_buffer_reg_3__6 (SNPS_CLOCK_GATE_HIGH_gd_72)
                                         0.000       0-1          0.000    0.000
    clk_gate_OO_buffer_reg_3__7 (SNPS_CLOCK_GATE_HIGH_gd_71)
                                         0.000       0-1          0.000    0.000
    clk_gate_OO_buffer_reg_3__8 (SNPS_CLOCK_GATE_HIGH_gd_70)
                                         0.000       0-1          0.000    0.000
    clk_gate_OO_buffer_reg_3__9 (SNPS_CLOCK_GATE_HIGH_gd_69)
                                         0.000       0-1          0.000    0.000
    clk_gate_OO_buffer_reg_3__10 (SNPS_CLOCK_GATE_HIGH_gd_68)
                                         0.000       0-1          0.000    0.000
    clk_gate_OO_buffer_reg_3__11 (SNPS_CLOCK_GATE_HIGH_gd_67)
                                         0.000       0-1          0.000    0.000
    clk_gate_OO_buffer_reg_3__12 (SNPS_CLOCK_GATE_HIGH_gd_66)
                                         0.000       0-1          0.000    0.000
    clk_gate_OO_buffer_reg_3__13 (SNPS_CLOCK_GATE_HIGH_gd_65)
                                         0.000       0-1          0.000    0.000
    clk_gate_OO_buffer_reg_3__14 (SNPS_CLOCK_GATE_HIGH_gd_64)
                                         0.000       0-1          0.000    0.000
    clk_gate_OO_buffer_reg_4_ (SNPS_CLOCK_GATE_HIGH_gd_63)
                                         0.000       0-1          0.000    0.000
    clk_gate_OO_buffer_reg_4__0 (SNPS_CLOCK_GATE_HIGH_gd_62)
                                         0.000       0-1          0.000    0.000
    clk_gate_OO_buffer_reg_4__1 (SNPS_CLOCK_GATE_HIGH_gd_61)
                                         0.000       0-1          0.000    0.000
    clk_gate_OO_buffer_reg_4__2 (SNPS_CLOCK_GATE_HIGH_gd_60)
                                         0.000       0-1          0.000    0.000
    clk_gate_OO_buffer_reg_4__3 (SNPS_CLOCK_GATE_HIGH_gd_59)
                                         0.000       0-1          0.000    0.000
    clk_gate_OO_buffer_reg_4__4 (SNPS_CLOCK_GATE_HIGH_gd_58)
                                         0.000       0-1          0.000    0.000
    clk_gate_OO_buffer_reg_4__5 (SNPS_CLOCK_GATE_HIGH_gd_57)
                                         0.000       0-1          0.000    0.000
    clk_gate_OO_buffer_reg_4__6 (SNPS_CLOCK_GATE_HIGH_gd_56)
                                         0.000       0-1          0.000    0.000
    clk_gate_OO_buffer_reg_4__7 (SNPS_CLOCK_GATE_HIGH_gd_55)
                                         0.000       0-1          0.000    0.000
    clk_gate_OO_buffer_reg_4__8 (SNPS_CLOCK_GATE_HIGH_gd_54)
                                         0.000       0-1          0.000    0.000
    clk_gate_OO_buffer_reg_4__9 (SNPS_CLOCK_GATE_HIGH_gd_53)
                                         0.000       0-1          0.000    0.000
    clk_gate_OO_buffer_reg_4__10 (SNPS_CLOCK_GATE_HIGH_gd_52)
                                         0.000       0-1          0.000    0.000
    clk_gate_OO_buffer_reg_4__11 (SNPS_CLOCK_GATE_HIGH_gd_51)
                                         0.000       0-1          0.000    0.000
    clk_gate_OO_buffer_reg_4__12 (SNPS_CLOCK_GATE_HIGH_gd_50)
                                         0.000       0-1          0.000    0.000
    clk_gate_OO_buffer_reg_4__13 (SNPS_CLOCK_GATE_HIGH_gd_49)
                                         0.000       0-1          0.000    0.000
    clk_gate_OO_buffer_reg_4__14 (SNPS_CLOCK_GATE_HIGH_gd_48)
                                         0.000       0-1          0.000    0.000
    clk_gate_OO_buffer_reg_5_ (SNPS_CLOCK_GATE_HIGH_gd_47)
                                         0.000       0-1          0.000    0.000
    clk_gate_OO_buffer_reg_5__0 (SNPS_CLOCK_GATE_HIGH_gd_46)
                                         0.000       0-1          0.000    0.000
    clk_gate_OO_buffer_reg_5__1 (SNPS_CLOCK_GATE_HIGH_gd_45)
                                         0.000       0-1          0.000    0.000
    clk_gate_OO_buffer_reg_5__2 (SNPS_CLOCK_GATE_HIGH_gd_44)
                                         0.000       0-1          0.000    0.000
    clk_gate_OO_buffer_reg_5__3 (SNPS_CLOCK_GATE_HIGH_gd_43)
                                         0.000       0-1          0.000    0.000
    clk_gate_OO_buffer_reg_5__4 (SNPS_CLOCK_GATE_HIGH_gd_42)
                                         0.000       0-1          0.000    0.000
    clk_gate_OO_buffer_reg_5__5 (SNPS_CLOCK_GATE_HIGH_gd_41)
                                         0.000       0-1          0.000    0.000
    clk_gate_OO_buffer_reg_5__6 (SNPS_CLOCK_GATE_HIGH_gd_40)
                                         0.000       0-1          0.000    0.000
    clk_gate_OO_buffer_reg_5__7 (SNPS_CLOCK_GATE_HIGH_gd_39)
                                         0.000       0-1          0.000    0.000
    clk_gate_OO_buffer_reg_5__8 (SNPS_CLOCK_GATE_HIGH_gd_38)
                                         0.000       0-1          0.000    0.000
    clk_gate_OO_buffer_reg_5__9 (SNPS_CLOCK_GATE_HIGH_gd_37)
                                         0.000       0-1          0.000    0.000
    clk_gate_OO_buffer_reg_5__10 (SNPS_CLOCK_GATE_HIGH_gd_36)
                                         0.000       0-1          0.000    0.000
    clk_gate_OO_buffer_reg_5__11 (SNPS_CLOCK_GATE_HIGH_gd_35)
                                         0.000       0-1          0.000    0.000
    clk_gate_OO_buffer_reg_5__12 (SNPS_CLOCK_GATE_HIGH_gd_34)
                                         0.000       0-1          0.000    0.000
    clk_gate_OO_buffer_reg_5__13 (SNPS_CLOCK_GATE_HIGH_gd_33)
                                         0.000       0-1          0.000    0.000
    clk_gate_OO_buffer_reg_5__14 (SNPS_CLOCK_GATE_HIGH_gd_32)
                                         0.000       0-1          0.000    0.000
    clk_gate_OO_buffer_reg_6_ (SNPS_CLOCK_GATE_HIGH_gd_31)
                                         0.000       0-1          0.000    0.000
    clk_gate_OO_buffer_reg_6__0 (SNPS_CLOCK_GATE_HIGH_gd_30)
                                         0.000       0-1          0.000    0.000
    clk_gate_OO_buffer_reg_6__1 (SNPS_CLOCK_GATE_HIGH_gd_29)
                                         0.000       0-1          0.000    0.000
    clk_gate_OO_buffer_reg_6__2 (SNPS_CLOCK_GATE_HIGH_gd_28)
                                         0.000       0-1          0.000    0.000
    clk_gate_OO_buffer_reg_6__3 (SNPS_CLOCK_GATE_HIGH_gd_27)
                                         0.000       0-1          0.000    0.000
    clk_gate_OO_buffer_reg_6__4 (SNPS_CLOCK_GATE_HIGH_gd_26)
                                         0.000       0-1          0.000    0.000
    clk_gate_OO_buffer_reg_6__5 (SNPS_CLOCK_GATE_HIGH_gd_25)
                                         0.000       0-1          0.000    0.000
    clk_gate_OO_buffer_reg_6__6 (SNPS_CLOCK_GATE_HIGH_gd_24)
                                         0.000       0-1          0.000    0.000
    clk_gate_OO_buffer_reg_6__7 (SNPS_CLOCK_GATE_HIGH_gd_23)
                                         0.000       0-1          0.000    0.000
    clk_gate_OO_buffer_reg_6__8 (SNPS_CLOCK_GATE_HIGH_gd_22)
                                         0.000       0-1          0.000    0.000
    clk_gate_OO_buffer_reg_6__9 (SNPS_CLOCK_GATE_HIGH_gd_21)
                                         0.000       0-1          0.000    0.000
    clk_gate_OO_buffer_reg_6__10 (SNPS_CLOCK_GATE_HIGH_gd_20)
                                         0.000       0-1          0.000    0.000
    clk_gate_OO_buffer_reg_6__11 (SNPS_CLOCK_GATE_HIGH_gd_19)
                                         0.000       0-1          0.000    0.000
    clk_gate_OO_buffer_reg_6__12 (SNPS_CLOCK_GATE_HIGH_gd_18)
                                         0.000       0-1          0.000    0.000
    clk_gate_OO_buffer_reg_6__13 (SNPS_CLOCK_GATE_HIGH_gd_17)
                                         0.000       0-1          0.000    0.000
    clk_gate_OO_buffer_reg_6__14 (SNPS_CLOCK_GATE_HIGH_gd_16)
                                         0.000       0-1          0.000    0.000
    clk_gate_OO_buffer_reg_7_ (SNPS_CLOCK_GATE_HIGH_gd_15)
                                         0.000       0-1          0.000    0.000
    clk_gate_OO_buffer_reg_7__0 (SNPS_CLOCK_GATE_HIGH_gd_14)
                                         0.000       0-1          0.000    0.000
    clk_gate_OO_buffer_reg_7__1 (SNPS_CLOCK_GATE_HIGH_gd_13)
                                         0.000       0-1          0.000    0.000
    clk_gate_OO_buffer_reg_7__2 (SNPS_CLOCK_GATE_HIGH_gd_12)
                                         0.000       0-1          0.000    0.000
    clk_gate_OO_buffer_reg_7__3 (SNPS_CLOCK_GATE_HIGH_gd_11)
                                         0.000       0-1          0.000    0.000
    clk_gate_OO_buffer_reg_7__4 (SNPS_CLOCK_GATE_HIGH_gd_10)
                                         0.000       0-1          0.000    0.000
    clk_gate_OO_buffer_reg_7__5 (SNPS_CLOCK_GATE_HIGH_gd_9)
                                         0.000       0-1          0.000    0.000
    clk_gate_OO_buffer_reg_7__6 (SNPS_CLOCK_GATE_HIGH_gd_8)
                                         0.000       0-1          0.000    0.000
    clk_gate_OO_buffer_reg_7__7 (SNPS_CLOCK_GATE_HIGH_gd_7)
                                         0.000       0-1          0.000    0.000
    clk_gate_OO_buffer_reg_7__8 (SNPS_CLOCK_GATE_HIGH_gd_6)
                                         0.000       0-1          0.000    0.000
    clk_gate_OO_buffer_reg_7__9 (SNPS_CLOCK_GATE_HIGH_gd_5)
                                         0.000       0-1          0.000    0.000
    clk_gate_OO_buffer_reg_7__10 (SNPS_CLOCK_GATE_HIGH_gd_4)
                                         0.000       0-1          0.000    0.000
    clk_gate_OO_buffer_reg_7__11 (SNPS_CLOCK_GATE_HIGH_gd_3)
                                         0.000       0-1          0.000    0.000
    clk_gate_OO_buffer_reg_7__12 (SNPS_CLOCK_GATE_HIGH_gd_2)
                                         0.000       0-1          0.000    0.000
    clk_gate_OO_buffer_reg_7__13 (SNPS_CLOCK_GATE_HIGH_gd_1)
                                         0.000       0-1          0.000    0.000
    clk_gate_OO_buffer_reg_7__14 (SNPS_CLOCK_GATE_HIGH_gd_0)
                                         0.000       0-1          0.000    0.000
  u_fd (fd)                              0.000       0-1          0.000    0.000
    u_input_sram (input_sram)            0.000       0-1          0.000    0.000
    clk_gate_is_din_reg_s0_reg (SNPS_CLOCK_GATE_HIGH_fd_103)
                                         0.000       0-1          0.000    0.000
    clk_gate_is_din_reg_s0_reg_0 (SNPS_CLOCK_GATE_HIGH_fd_102)
                                         0.000       0-1          0.000    0.000
    clk_gate_is_din_reg_s0_reg_1 (SNPS_CLOCK_GATE_HIGH_fd_101)
                                         0.000       0-1          0.000    0.000
    clk_gate_is_din_reg_s0_reg_2 (SNPS_CLOCK_GATE_HIGH_fd_100)
                                         0.000       0-1          0.000    0.000
    clk_gate_is_din_reg_s0_reg_3 (SNPS_CLOCK_GATE_HIGH_fd_99)
                                         0.000       0-1          0.000    0.000
    clk_gate_is_din_reg_s0_reg_4 (SNPS_CLOCK_GATE_HIGH_fd_98)
                                         0.000       0-1          0.000    0.000
    clk_gate_is_din_reg_s0_reg_5 (SNPS_CLOCK_GATE_HIGH_fd_97)
                                         0.000       0-1          0.000    0.000
    clk_gate_is_din_reg_s0_reg_6 (SNPS_CLOCK_GATE_HIGH_fd_96)
                                         0.000       0-1          0.000    0.000
    clk_gate_is_din_reg_s0_reg_7 (SNPS_CLOCK_GATE_HIGH_fd_95)
                                         0.000       0-1          0.000    0.000
    clk_gate_is_din_reg_s0_reg_8 (SNPS_CLOCK_GATE_HIGH_fd_94)
                                         0.000       0-1          0.000    0.000
    clk_gate_is_din_reg_s0_reg_9 (SNPS_CLOCK_GATE_HIGH_fd_93)
                                         0.000       0-1          0.000    0.000
    clk_gate_is_din_reg_s0_reg_10 (SNPS_CLOCK_GATE_HIGH_fd_92)
                                         0.000       0-1          0.000    0.000
    clk_gate_is_din_reg_s0_reg_11 (SNPS_CLOCK_GATE_HIGH_fd_91)
                                         0.000       0-1          0.000    0.000
    clk_gate_is_din_reg_s0_reg_12 (SNPS_CLOCK_GATE_HIGH_fd_90)
                                         0.000       0-1          0.000    0.000
    clk_gate_is_din_reg_s0_reg_13 (SNPS_CLOCK_GATE_HIGH_fd_89)
                                         0.000       0-1          0.000    0.000
    clk_gate_is_din_reg_s0_reg_14 (SNPS_CLOCK_GATE_HIGH_fd_88)
                                         0.000       0-1          0.000    0.000
    clk_gate_is_din_reg_s0_reg_15 (SNPS_CLOCK_GATE_HIGH_fd_87)
                                         0.000       0-1          0.000    0.000
    clk_gate_is_din_reg_s0_reg_16 (SNPS_CLOCK_GATE_HIGH_fd_86)
                                         0.000       0-1          0.000    0.000
    clk_gate_is_din_reg_s0_reg_17 (SNPS_CLOCK_GATE_HIGH_fd_85)
                                         0.000       0-1          0.000    0.000
    clk_gate_is_din_reg_s0_reg_18 (SNPS_CLOCK_GATE_HIGH_fd_84)
                                         0.000       0-1          0.000    0.000
    clk_gate_is_din_reg_s0_reg_19 (SNPS_CLOCK_GATE_HIGH_fd_83)
                                         0.000       0-1          0.000    0.000
    clk_gate_is_din_reg_s0_reg_20 (SNPS_CLOCK_GATE_HIGH_fd_82)
                                         0.000       0-1          0.000    0.000
    clk_gate_is_din_reg_s0_reg_21 (SNPS_CLOCK_GATE_HIGH_fd_81)
                                         0.000       0-1          0.000    0.000
    clk_gate_is_din_reg_s0_reg_22 (SNPS_CLOCK_GATE_HIGH_fd_80)
                                         0.000       0-1          0.000    0.000
    clk_gate_is_din_reg_s0_reg_23 (SNPS_CLOCK_GATE_HIGH_fd_79)
                                         0.000       0-1          0.000    0.000
    clk_gate_is_din_reg_s0_reg_24 (SNPS_CLOCK_GATE_HIGH_fd_78)
                                         0.000       0-1          0.000    0.000
    clk_gate_is_din_reg_s0_reg_25 (SNPS_CLOCK_GATE_HIGH_fd_77)
                                         0.000       0-1          0.000    0.000
    clk_gate_is_din_reg_s0_reg_26 (SNPS_CLOCK_GATE_HIGH_fd_76)
                                         0.000       0-1          0.000    0.000
    clk_gate_is_din_reg_s0_reg_27 (SNPS_CLOCK_GATE_HIGH_fd_75)
                                         0.000       0-1          0.000    0.000
    clk_gate_is_din_reg_s0_reg_28 (SNPS_CLOCK_GATE_HIGH_fd_74)
                                         0.000       0-1          0.000    0.000
    clk_gate_is_din_reg_s0_reg_29 (SNPS_CLOCK_GATE_HIGH_fd_73)
                                         0.000       0-1          0.000    0.000
    clk_gate_is_din_reg_s0_reg_30 (SNPS_CLOCK_GATE_HIGH_fd_72)
                                         0.000       0-1          0.000    0.000
    clk_gate_wout_reg_s0_reg (SNPS_CLOCK_GATE_HIGH_fd_71)
                                         0.000       0-1          0.000    0.000
    clk_gate_wout_reg_s0_reg_0 (SNPS_CLOCK_GATE_HIGH_fd_70)
                                         0.000       0-1          0.000    0.000
    clk_gate_wout_reg_s0_reg_1 (SNPS_CLOCK_GATE_HIGH_fd_69)
                                         0.000       0-1          0.000    0.000
    clk_gate_wout_reg_s0_reg_2 (SNPS_CLOCK_GATE_HIGH_fd_68)
                                         0.000       0-1          0.000    0.000
    clk_gate_wout_reg_s0_reg_3 (SNPS_CLOCK_GATE_HIGH_fd_67)
                                         0.000       0-1          0.000    0.000
    clk_gate_wout_reg_s0_reg_4 (SNPS_CLOCK_GATE_HIGH_fd_66)
                                         0.000       0-1          0.000    0.000
    clk_gate_wout_reg_s0_reg_5 (SNPS_CLOCK_GATE_HIGH_fd_65)
                                         0.000       0-1          0.000    0.000
    clk_gate_wout_reg_s0_reg_6 (SNPS_CLOCK_GATE_HIGH_fd_64)
                                         0.000       0-1          0.000    0.000
    clk_gate_fout_reg_s1_reg (SNPS_CLOCK_GATE_HIGH_fd_63)
                                         0.000       0-1          0.000    0.000
    clk_gate_fout_reg_s1_reg_0 (SNPS_CLOCK_GATE_HIGH_fd_62)
                                         0.000       0-1          0.000    0.000
    clk_gate_fout_reg_s1_reg_1 (SNPS_CLOCK_GATE_HIGH_fd_61)
                                         0.000       0-1          0.000    0.000
    clk_gate_fout_reg_s1_reg_2 (SNPS_CLOCK_GATE_HIGH_fd_60)
                                         0.000       0-1          0.000    0.000
    clk_gate_fout_reg_s1_reg_3 (SNPS_CLOCK_GATE_HIGH_fd_59)
                                         0.000       0-1          0.000    0.000
    clk_gate_fout_reg_s1_reg_4 (SNPS_CLOCK_GATE_HIGH_fd_58)
                                         0.000       0-1          0.000    0.000
    clk_gate_fout_reg_s1_reg_5 (SNPS_CLOCK_GATE_HIGH_fd_57)
                                         0.000       0-1          0.000    0.000
    clk_gate_fout_reg_s1_reg_6 (SNPS_CLOCK_GATE_HIGH_fd_56)
                                         0.000       0-1          0.000    0.000
    clk_gate_fout_reg_s1_reg_7 (SNPS_CLOCK_GATE_HIGH_fd_55)
                                         0.000       0-1          0.000    0.000
    clk_gate_fout_reg_s1_reg_8 (SNPS_CLOCK_GATE_HIGH_fd_54)
                                         0.000       0-1          0.000    0.000
    clk_gate_fout_reg_s1_reg_9 (SNPS_CLOCK_GATE_HIGH_fd_53)
                                         0.000       0-1          0.000    0.000
    clk_gate_fout_reg_s1_reg_10 (SNPS_CLOCK_GATE_HIGH_fd_52)
                                         0.000       0-1          0.000    0.000
    clk_gate_fout_reg_s1_reg_11 (SNPS_CLOCK_GATE_HIGH_fd_51)
                                         0.000       0-1          0.000    0.000
    clk_gate_fout_reg_s1_reg_12 (SNPS_CLOCK_GATE_HIGH_fd_50)
                                         0.000       0-1          0.000    0.000
    clk_gate_fout_reg_s1_reg_13 (SNPS_CLOCK_GATE_HIGH_fd_49)
                                         0.000       0-1          0.000    0.000
    clk_gate_fout_reg_s1_reg_14 (SNPS_CLOCK_GATE_HIGH_fd_48)
                                         0.000       0-1          0.000    0.000
    clk_gate_fout_reg_s1_reg_15 (SNPS_CLOCK_GATE_HIGH_fd_47)
                                         0.000       0-1          0.000    0.000
    clk_gate_fout_reg_s1_reg_16 (SNPS_CLOCK_GATE_HIGH_fd_46)
                                         0.000       0-1          0.000    0.000
    clk_gate_fout_reg_s1_reg_17 (SNPS_CLOCK_GATE_HIGH_fd_45)
                                         0.000       0-1          0.000    0.000
    clk_gate_fout_reg_s1_reg_18 (SNPS_CLOCK_GATE_HIGH_fd_44)
                                         0.000       0-1          0.000    0.000
    clk_gate_fout_reg_s1_reg_19 (SNPS_CLOCK_GATE_HIGH_fd_43)
                                         0.000       0-1          0.000    0.000
    clk_gate_fout_reg_s1_reg_20 (SNPS_CLOCK_GATE_HIGH_fd_42)
                                         0.000       0-1          0.000    0.000
    clk_gate_fout_reg_s1_reg_21 (SNPS_CLOCK_GATE_HIGH_fd_41)
                                         0.000       0-1          0.000    0.000
    clk_gate_fout_reg_s1_reg_22 (SNPS_CLOCK_GATE_HIGH_fd_40)
                                         0.000       0-1          0.000    0.000
    clk_gate_fout_reg_s1_reg_23 (SNPS_CLOCK_GATE_HIGH_fd_39)
                                         0.000       0-1          0.000    0.000
    clk_gate_fout_reg_s1_reg_24 (SNPS_CLOCK_GATE_HIGH_fd_38)
                                         0.000       0-1          0.000    0.000
    clk_gate_fout_reg_s1_reg_25 (SNPS_CLOCK_GATE_HIGH_fd_37)
                                         0.000       0-1          0.000    0.000
    clk_gate_fout_reg_s1_reg_26 (SNPS_CLOCK_GATE_HIGH_fd_36)
                                         0.000       0-1          0.000    0.000
    clk_gate_fout_reg_s1_reg_27 (SNPS_CLOCK_GATE_HIGH_fd_35)
                                         0.000       0-1          0.000    0.000
    clk_gate_fout_reg_s1_reg_28 (SNPS_CLOCK_GATE_HIGH_fd_34)
                                         0.000       0-1          0.000    0.000
    clk_gate_fout_reg_s1_reg_29 (SNPS_CLOCK_GATE_HIGH_fd_33)
                                         0.000       0-1          0.000    0.000
    clk_gate_fout_reg_s1_reg_30 (SNPS_CLOCK_GATE_HIGH_fd_32)
                                         0.000       0-1          0.000    0.000
    clk_gate_rs_buffer_reg (SNPS_CLOCK_GATE_HIGH_fd_31)
                                         0.000       0-1          0.000    0.000
    clk_gate_rs_buffer_reg_0 (SNPS_CLOCK_GATE_HIGH_fd_30)
                                         0.000       0-1          0.000    0.000
    clk_gate_rs_buffer_reg_1 (SNPS_CLOCK_GATE_HIGH_fd_29)
                                         0.000       0-1          0.000    0.000
    clk_gate_rs_buffer_reg_2 (SNPS_CLOCK_GATE_HIGH_fd_28)
                                         0.000       0-1          0.000    0.000
    clk_gate_rs_buffer_reg_3 (SNPS_CLOCK_GATE_HIGH_fd_27)
                                         0.000       0-1          0.000    0.000
    clk_gate_rs_buffer_reg_4 (SNPS_CLOCK_GATE_HIGH_fd_26)
                                         0.000       0-1          0.000    0.000
    clk_gate_rs_buffer_reg_5 (SNPS_CLOCK_GATE_HIGH_fd_25)
                                         0.000       0-1          0.000    0.000
    clk_gate_rs_buffer_reg_6 (SNPS_CLOCK_GATE_HIGH_fd_24)
                                         0.000       0-1          0.000    0.000
    clk_gate_rs_buffer_reg_7 (SNPS_CLOCK_GATE_HIGH_fd_23)
                                         0.000       0-1          0.000    0.000
    clk_gate_rs_buffer_reg_8 (SNPS_CLOCK_GATE_HIGH_fd_22)
                                         0.000       0-1          0.000    0.000
    clk_gate_rs_buffer_reg_9 (SNPS_CLOCK_GATE_HIGH_fd_21)
                                         0.000       0-1          0.000    0.000
    clk_gate_rs_buffer_reg_10 (SNPS_CLOCK_GATE_HIGH_fd_20)
                                         0.000       0-1          0.000    0.000
    clk_gate_rs_buffer_reg_11 (SNPS_CLOCK_GATE_HIGH_fd_19)
                                         0.000       0-1          0.000    0.000
    clk_gate_rs_buffer_reg_12 (SNPS_CLOCK_GATE_HIGH_fd_18)
                                         0.000       0-1          0.000    0.000
    clk_gate_rs_buffer_reg_13 (SNPS_CLOCK_GATE_HIGH_fd_17)
                                         0.000       0-1          0.000    0.000
    clk_gate_rs_buffer_reg_14 (SNPS_CLOCK_GATE_HIGH_fd_16)
                                         0.000       0-1          0.000    0.000
    clk_gate_rs_buffer_reg_15 (SNPS_CLOCK_GATE_HIGH_fd_15)
                                         0.000       0-1          0.000    0.000
    clk_gate_rs_buffer_reg_16 (SNPS_CLOCK_GATE_HIGH_fd_14)
                                         0.000       0-1          0.000    0.000
    clk_gate_rs_buffer_reg_17 (SNPS_CLOCK_GATE_HIGH_fd_13)
                                         0.000       0-1          0.000    0.000
    clk_gate_rs_buffer_reg_18 (SNPS_CLOCK_GATE_HIGH_fd_12)
                                         0.000       0-1          0.000    0.000
    clk_gate_rs_buffer_reg_19 (SNPS_CLOCK_GATE_HIGH_fd_11)
                                         0.000       0-1          0.000    0.000
    clk_gate_rs_buffer_reg_20 (SNPS_CLOCK_GATE_HIGH_fd_10)
                                         0.000       0-1          0.000    0.000
    clk_gate_rs_buffer_reg_21 (SNPS_CLOCK_GATE_HIGH_fd_9)
                                         0.000       0-1          0.000    0.000
    clk_gate_rs_buffer_reg_22 (SNPS_CLOCK_GATE_HIGH_fd_8)
                                         0.000       0-1          0.000    0.000
    clk_gate_rs_buffer_reg_23 (SNPS_CLOCK_GATE_HIGH_fd_7)
                                         0.000       0-1          0.000    0.000
    clk_gate_rs_buffer_reg_24 (SNPS_CLOCK_GATE_HIGH_fd_6)
                                         0.000       0-1          0.000    0.000
    clk_gate_rs_buffer_reg_25 (SNPS_CLOCK_GATE_HIGH_fd_5)
                                         0.000       0-1          0.000    0.000
    clk_gate_rs_buffer_reg_26 (SNPS_CLOCK_GATE_HIGH_fd_4)
                                         0.000       0-1          0.000    0.000
    clk_gate_rs_buffer_reg_27 (SNPS_CLOCK_GATE_HIGH_fd_3)
                                         0.000       0-1          0.000    0.000
    clk_gate_rs_buffer_reg_28 (SNPS_CLOCK_GATE_HIGH_fd_2)
                                         0.000       0-1          0.000    0.000
    clk_gate_rs_buffer_reg_29 (SNPS_CLOCK_GATE_HIGH_fd_1)
                                         0.000       0-1          0.000    0.000
    clk_gate_rs_buffer_reg_30 (SNPS_CLOCK_GATE_HIGH_fd_0)
                                         0.000       0-1          0.000    0.000
  u_macros (macros)                      0.000       0-1          0.000    0.000
  u_penalty (penalty)                    0.000       0-1          0.000    0.000
  u_gd_ctrls (gd_ctrls)                  0.000       0-1          0.000    0.000
  u_macros_ctrls (macros_ctrls)          0.000       0-1          0.000    0.000
1
