****************************************
Report : Time Based Power
	-verbose
Design : top
Version: M-2016.12-SP2
Date   : Fri Mar  8 13:43:29 2024
****************************************

Simulation Periods: 1086 ns - 1126 ns

Sampling Interval: 1 ns

Library(s) Used:

    tcbn28hpcplusbwp7t30p140hvtssg0p81vm40c_ccs (File: /projects/soc/TECHLIB/TSMC/28nm/tcbn28hpcplusbwp7t30p140hvt_180a/TSMCHOME/digital/Front_End/timing_power_noise/CCS/tcbn28hpcplusbwp7t30p140hvt_180a/tcbn28hpcplusbwp7t30p140hvtssg0p81vm40c_ccs.db)
    sram_1024x128_ssg_0p81v_0p81v_m40c (File: /home/soc/shiyh23/5_GPCIMPU/2-SYN/link_lib/sram_1024x128_ssg_0p81_0p81_m40c_ccs.db)
    sin_bp_macro_ssg0p81vm40c (File: /home/soc/shiyh23/5_GPCIMPU/2-SYN/link_lib/sin_bp_macro_ssg0p81vm40c.db)


Operating Conditions: ssg0p81vm40c   Library: tcbn28hpcplusbwp7t30p140hvtssg0p81vm40c_ccs
Wire Load Model Mode: top

Cell               Design       Wire_model  Library       Selection_type
--------------------------------------------------------------------------------
                   top          ZeroWireload
                                            tcbn28hpcplusbwp7t30p140hvtssg0p81vm40c_ccs
                                                          automatic-by-area

Power-specific unit information :
    Voltage Units = 1 V
    Capacitance Units = 1 pf
    Time Units = 1 ns
    Dynamic Power Units = 1 W
    Leakage Power Units = 1 W



  Attributes
  ----------
      i  -  Including register clock pin internal power
      u  -  User defined power group

                        Internal  Switching  Leakage    Total
Power Group             Power     Power      Power      Power   (     %)  Attrs
--------------------------------------------------------------------------------
clock_network           1.097e-04 1.017e-04 1.436e-08 2.114e-04 ( 1.00%)  
register                5.279e-03 4.914e-05 1.093e-06 5.329e-03 (25.12%)  i
combinational           3.392e-04 1.371e-04 4.239e-07 4.767e-04 ( 2.25%)  
sequential                 0.0000    0.0000    0.0000    0.0000 ( 0.00%)  
memory                  1.001e-03    0.0000 1.497e-04 1.151e-03 ( 5.42%)  
io_pad                     0.0000    0.0000    0.0000    0.0000 ( 0.00%)  
black_box                  0.0139    0.0000 1.739e-04    0.0141 (66.22%)  

  Net Switching Power  = 2.879e-04   ( 1.36%)
  Cell Internal Power  =    0.0206   (97.11%)
  Cell Leakage Power   = 3.251e-04   ( 1.53%)
                         ---------
Total Power            =    0.0212  (100.00%)

X Transition Power     =    0.0000
Glitching Power        =    0.0000

Peak Power             =    0.0653
Peak Time              =      1122

1
